Easy Run 1 numEvents 1
1024 1024 1024 1024 1024 1024 1024
Easy Run 2 numEvents 4
1024 1024 1024 1024 1024 1024 1024
Easy Run 3 numEvents 7
1024 1024 1024 1024 1024 1024 1024
Easy Run 4 numEvents 11
1024 1024 1024 1024 1024 1024 1024
Easy Run 5 numEvents 14
1024 1024 1024 1024 1024 1024 1024
Easy Run 6 numEvents 17
1024 1024 1024 1024 1024 1024 1024
Easy Run 7 numEvents 21
1024 1024 1024 1024 1024 1024 1024
Easy Run 8 numEvents 24
1024 1024 1024 1024 1024 1024 1024
Easy Run 9 numEvents 28
1024 1024 1024 1024 1024 1024 1024
Easy Run 10 numEvents 31
1024 1024 1024 1024 1024 1024 1024
Easy Run 11 numEvents 34
1024 1024 1024 1024 1024 1024 1024
Easy Run 12 numEvents 38
1024 1024 1024 1024 1024 1024 1024
Easy Run 13 numEvents 41
1024 1024 1024 1024 1024 1024 1024
Easy Run 14 numEvents 44
1024 1024 1024 1024 1024 1024 1024
Easy Run 15 numEvents 48
1024 1024 1024 1024 1024 1024 1024
Easy Run 16 numEvents 51
1024 1024 1024 1024 1024 1024 1024
Easy Run 17 numEvents 54
1024 1024 1024 1024 1024 1024 1024
54 events 0 missed
